
> jc7-site-web@0.1.0 build
> next build

  ▲ Next.js 14.2.35
  - Environments: .env.local

   Creating an optimized production build ...
 ✓ Compiled successfully
   Linting and checking validity of types ...

./components/admin/registration-details.tsx
230:21  Warning: Image elements must have an alt prop, either with meaningful text, or an empty string for decorative images.  jsx-a11y/alt-text

./components/registration-form-family.tsx
139:6  Warning: React Hook useEffect has a missing dependency: 'children'. Either include it or remove the dependency array.  react-hooks/exhaustive-deps
139:7  Warning: React Hook useEffect has a complex expression in the dependency array. Extract it to a separate variable so it can be statically checked.  react-hooks/exhaustive-deps

info  - Need to disable some ESLint rules? Learn more here: https://nextjs.org/docs/basic-features/eslint#disabling-rules
   Collecting page data ...

> Build error occurred
Error: Cannot find module 'C:\Users\Oslo Studio\Desktop\SATURN\DEV\JC7\Livrables\Site\jc7-site-web\.next\server\middleware-manifest.json'
Require stack:
- C:\Users\Oslo Studio\Desktop\SATURN\DEV\JC7\Livrables\Site\jc7-site-web\node_modules\next\dist\build\index.js
- C:\Users\Oslo Studio\Desktop\SATURN\DEV\JC7\Livrables\Site\jc7-site-web\node_modules\next\dist\cli\next-build.js
    at Function.<anonymous> (node:internal/modules/cjs/loader:1225:15)
    at C:\Users\Oslo Studio\Desktop\SATURN\DEV\JC7\Livrables\Site\jc7-site-web\node_modules\next\dist\server\require-hook.js:55:36
    at Function._load (node:internal/modules/cjs/loader:1055:27)
    at TracingChannel.traceSync (node:diagnostics_channel:322:14)
    at wrapModuleLoad (node:internal/modules/cjs/loader:220:24)
    at Module.<anonymous> (node:internal/modules/cjs/loader:1311:12)
    at mod.require (C:\Users\Oslo Studio\Desktop\SATURN\DEV\JC7\Livrables\Site\jc7-site-web\node_modules\next\dist\server\require-hook.js:65:28)
    at require (node:internal/modules/helpers:136:16)
    at C:\Users\Oslo Studio\Desktop\SATURN\DEV\JC7\Livrables\Site\jc7-site-web\node_modules\next\dist\build\index.js:1155:44
    at process.processTicksAndRejections (node:internal/process/task_queues:105:5) {
  code: 'MODULE_NOT_FOUND',
  requireStack: [
    'C:\\Users\\Oslo Studio\\Desktop\\SATURN\\DEV\\JC7\\Livrables\\Site\\jc7-site-web\\node_modules\\next\\dist\\build\\index.js',
    'C:\\Users\\Oslo Studio\\Desktop\\SATURN\\DEV\\JC7\\Livrables\\Site\\jc7-site-web\\node_modules\\next\\dist\\cli\\next-build.js'
  ]
}
